// Jest Snapshot v1, https://goo.gl/fbAQLP

exports[`should have all the rules 1`] = `
Object {
  "prefer-checked": Object {
    "create": [Function],
    "meta": Object {
      "docs": Object {
        "category": "jest-dom",
        "description": "prefer toBeChecked over checking attributes",
        "recommended": true,
        "url": "prefer-checked",
      },
      "fixable": "code",
    },
  },
  "prefer-empty": Object {
    "create": [Function],
    "meta": Object {
      "docs": Object {
        "category": "jest-dom",
        "description": "Prefer toBeEmpty over checking innerHTML",
        "recommended": true,
        "url": "prefer-empty",
      },
      "fixable": "code",
    },
  },
  "prefer-enabled-disabled": Object {
    "create": [Function],
    "meta": Object {
      "docs": Object {
        "category": "jest-dom",
        "description": "prefer toBeDisabled or toBeEnabled over checking attributes",
        "recommended": true,
        "url": "prefer-enabled-disabled",
      },
      "fixable": "code",
    },
  },
  "prefer-focus": Object {
    "create": [Function],
    "meta": Object {
      "docs": Object {
        "category": "jest-dom",
        "description": "prefer toHaveFocus over checking document.activeElement",
        "recommended": true,
      },
      "fixable": "code",
    },
  },
  "prefer-required": Object {
    "create": [Function],
    "meta": Object {
      "docs": Object {
        "category": "jest-dom",
        "description": "prefer toBeRequired over checking properties",
        "recommended": true,
        "url": "prefer-required",
      },
      "fixable": "code",
    },
  },
  "prefer-to-have-attribute": Object {
    "create": [Function],
    "meta": Object {
      "docs": Object {
        "description": "prefer toHaveAttribute over checking  getAttribute/hasAttribute ",
        "recommended": true,
      },
      "fixable": "code",
    },
  },
  "prefer-to-have-text-content": Object {
    "create": [Function],
    "meta": Object {
      "docs": Object {
        "description": "Prefer toHaveTextContent over checking element.textContent",
        "recommended": true,
      },
      "fixable": "code",
    },
  },
}
`;
